Collecting transformers==4.48.3 (from -r ml\requirements.txt (line 1))
  Using cached transformers-4.48.3-py3-none-any.whl.metadata (44 kB)
Collecting torch==2.6.0 (from -r ml\requirements.txt (line 2))
  Using cached torch-2.6.0-cp313-cp313-win_amd64.whl.metadata (28 kB)
Collecting scikit-learn==1.6.1 (from -r ml\requirements.txt (line 3))
  Using cached scikit_learn-1.6.1-cp313-cp313-win_amd64.whl.metadata (15 kB)
Collecting numpy==2.2.3 (from -r ml\requirements.txt (line 4))
  Using cached numpy-2.2.3-cp313-cp313-win_amd64.whl.metadata (60 kB)
Collecting filelock (from transformers==4.48.3->-r ml\requirements.txt (line 1))
  Using cached filelock-4.0.1-py3-none-any.whl.metadata (2.0 kB)
Collecting huggingface-hub<1.0,>=0.24.0 (from transformers==4.48.3->-r ml\requirements.txt (line 1))
  Using cached huggingface_hub-0.36.2-py3-none-any.whl.metadata (15 kB)
Collecting packaging>=20.0 (from transformers==4.48.3->-r ml\requirements.txt (line 1))
  Using cached packaging-26.3-py3-none-any.whl.metadata (3.5 kB)
Collecting pyyaml>=5.1 (from transformers==4.48.3->-r ml\requirements.txt (line 1))
  Using cached pyyaml-6.0.3-cp313-cp313-win_amd64.whl.metadata (2.4 kB)
Collecting regex!=2019.12.17 (from transformers==4.48.3->-r ml\requirements.txt (line 1))
  Using cached regex-2026.9.10-cp313-cp313-win_amd64.whl.metadata (41 kB)
Collecting requests (from transformers==4.48.3->-r ml\requirements.txt (line 1))
  Using cached requests-2.34.2-py3-none-any.whl.metadata (4.8 kB)
Collecting tokenizers<0.22,>=0.21 (from transformers==4.48.3->-r ml\requirements.txt (line 1))
  Using cached tokenizers-0.21.4-cp39-abi3-win_amd64.whl.metadata (6.9 kB)
Collecting safetensors>=0.4.1 (from transformers==4.48.3->-r ml\requirements.txt (line 1))
  Using cached safetensors-0.8.0-cp310-abi3-win_amd64.whl.metadata (4.2 kB)
Collecting tqdm>=4.27 (from transformers==4.48.3->-r ml\requirements.txt (line 1))
  Using cached tqdm-4.70.1-py3-none-any.whl.metadata (57 kB)
Collecting typing-extensions>=4.10.0 (from torch==2.6.0->-r ml\requirements.txt (line 2))
  Using cached typing_extensions-4.16.0-py3-none-any.whl.metadata (3.3 kB)
Collecting networkx (from torch==2.6.0->-r ml\requirements.txt (line 2))
  Using cached networkx-3.6.1-py3-none-any.whl.metadata (6.8 kB)
Collecting jinja2 (from torch==2.6.0->-r ml\requirements.txt (line 2))
  Using cached jinja2-3.1.6-py3-none-any.whl.metadata (2.9 kB)
Collecting fsspec (from torch==2.6.0->-r ml\requirements.txt (line 2))
  Using cached fsspec-2026.9.0-py3-none-any.whl.metadata (10 kB)
Collecting setuptools (from torch==2.6.0->-r ml\requirements.txt (line 2))
  Using cached setuptools-84.0.0-py3-none-any.whl.metadata (6.6 kB)
Collecting sympy==1.13.1 (from torch==2.6.0->-r ml\requirements.txt (line 2))
  Using cached sympy-1.13.1-py3-none-any.whl.metadata (12 kB)
Collecting scipy>=1.6.0 (from scikit-learn==1.6.1->-r ml\requirements.txt (line 3))
  Using cached scipy-1.18.1-cp313-cp313-win_amd64.whl.metadata (61 kB)
Collecting joblib>=1.2.0 (from scikit-learn==1.6.1->-r ml\requirements.txt (line 3))
  Using cached joblib-1.6.0-py3-none-any.whl.metadata (6.5 kB)
Collecting threadpoolctl>=3.1.0 (from scikit-learn==1.6.1->-r ml\requirements.txt (line 3))
  Using cached threadpoolctl-3.7.0-py3-none-any.whl.metadata (24 kB)
Collecting mpmath<1.4,>=1.1.0 (from sympy==1.13.1->torch==2.6.0->-r ml\requirements.txt (line 2))
  Using cached mpmath-1.3.0-py3-none-any.whl.metadata (8.6 kB)
Collecting cloudpickle>=3.0 (from joblib>=1.2.0->scikit-learn==1.6.1->-r ml\requirements.txt (line 3))
  Using cached cloudpickle-3.1.2-py3-none-any.whl.metadata (7.1 kB)
Collecting colorama (from tqdm>=4.27->transformers==4.48.3->-r ml\requirements.txt (line 1))
  Using cached colorama-0.4.6-py2.py3-none-any.whl.metadata (17 kB)
Collecting MarkupSafe>=2.0 (from jinja2->torch==2.6.0->-r ml\requirements.txt (line 2))
  Using cached markupsafe-3.0.3-cp313-cp313-win_amd64.whl.metadata (2.8 kB)
Collecting charset_normalizer<4,>=2 (from requests->transformers==4.48.3->-r ml\requirements.txt (line 1))
  Using cached charset_normalizer-3.5.1-cp313-cp313-win_amd64.whl.metadata (46 kB)
Collecting idna<4,>=2.5 (from requests->transformers==4.48.3->-r ml\requirements.txt (line 1))
  Using cached idna-3.20-py3-none-any.whl.metadata (7.2 kB)
Collecting urllib3<3,>=1.26 (from requests->transformers==4.48.3->-r ml\requirements.txt (line 1))
  Using cached urllib3-2.8.0-py3-none-any.whl.metadata (7.4 kB)
Collecting certifi>=2023.5.7 (from requests->transformers==4.48.3->-r ml\requirements.txt (line 1))
  Using cached certifi-2026.7.22-py3-none-any.whl.metadata (2.5 kB)
Using cached transformers-4.48.3-py3-none-any.whl (9.7 MB)
Downloading torch-2.6.0-cp313-cp313-win_amd64.whl (204.1 MB)
   ---------------------------------------- 204.1/204.1 MB 2.3 MB/s  0:03:11
Using cached scikit_learn-1.6.1-cp313-cp313-win_amd64.whl (11.1 MB)
Using cached numpy-2.2.3-cp313-cp313-win_amd64.whl (12.6 MB)
Using cached sympy-1.13.1-py3-none-any.whl (6.2 MB)
Using cached huggingface_hub-0.36.2-py3-none-any.whl (566 kB)
Using cached mpmath-1.3.0-py3-none-any.whl (536 kB)
Using cached tokenizers-0.21.4-cp39-abi3-win_amd64.whl (2.5 MB)
Using cached fsspec-2026.9.0-py3-none-any.whl (221 kB)
Using cached joblib-1.6.0-py3-none-any.whl (306 kB)
Using cached cloudpickle-3.1.2-py3-none-any.whl (22 kB)
Using cached packaging-26.3-py3-none-any.whl (129 kB)
Using cached pyyaml-6.0.3-cp313-cp313-win_amd64.whl (154 kB)
Using cached regex-2026.9.10-cp313-cp313-win_amd64.whl (277 kB)
Using cached safetensors-0.8.0-cp310-abi3-win_amd64.whl (355 kB)
Using cached scipy-1.18.1-cp313-cp313-win_amd64.whl (36.6 MB)
Using cached threadpoolctl-3.7.0-py3-none-any.whl (26 kB)
Using cached tqdm-4.70.1-py3-none-any.whl (80 kB)
Using cached typing_extensions-4.16.0-py3-none-any.whl (45 kB)
Using cached colorama-0.4.6-py2.py3-none-any.whl (25 kB)
Using cached filelock-4.0.1-py3-none-any.whl (106 kB)
Using cached jinja2-3.1.6-py3-none-any.whl (134 kB)
Using cached markupsafe-3.0.3-cp313-cp313-win_amd64.whl (15 kB)
Using cached networkx-3.6.1-py3-none-any.whl (2.1 MB)
Using cached requests-2.34.2-py3-none-any.whl (73 kB)
Using cached charset_normalizer-3.5.1-cp313-cp313-win_amd64.whl (199 kB)
Using cached idna-3.20-py3-none-any.whl (69 kB)
Using cached urllib3-2.8.0-py3-none-any.whl (135 kB)
Using cached certifi-2026.7.22-py3-none-any.whl (136 kB)
Using cached setuptools-84.0.0-py3-none-any.whl (818 kB)
Installing collected packages: mpmath, urllib3, typing-extensions, threadpoolctl, sympy, setuptools, safetensors, regex, pyyaml, packaging, numpy, networkx, MarkupSafe, idna, fsspec, filelock, colorama, cloudpickle, charset_normalizer, certifi, tqdm, scipy, requests, joblib, jinja2, torch, scikit-learn, huggingface-hub, tokenizers, transformers

